// Jest Snapshot v1, https://goo.gl/fbAQLP

exports[`AuthRoute page try 2 snapshot renders 1`] = `null`;
