// Jest Snapshot v1, https://goo.gl/fbAQLP

exports[`Main page try 2 snapshot renders 1`] = `
<div
  className="MuiGrid-root"
  computedMatch={
    Object {
      "isExact": true,
      "params": Object {},
      "path": "/",
      "url": "/",
    }
  }
  location={
    Object {
      "hash": "",
      "pathname": "/",
      "search": "",
      "state": undefined,
    }
  }
>
  <div
    className="MuiPaper-root MuiPaper-elevation1 makeStyles-root-104 MuiPaper-rounded"
  >
    <img
      alt="logo"
      height="24px"
      src="apple1.png"
      width="20px"
    />
  </div>
</div>
`;
