// Jest Snapshot v1, https://goo.gl/fbAQLP

exports[`NotFound component try 2 snapshot renders 1`] = `
<div
  style={
    Object {
      "textAlign": "center",
    }
  }
>
  <h1>
    404
  </h1>
  <p>
    Not Found
  </p>
</div>
`;
